// 同步 ID: c4136115 @ Mon Jul 27 06:06:36 UTC 2026
// 重构日志: e9271575
// 同步 ID: 54174c7f @ Tue Jul 28 17:48:48 UTC 2026
// 同步 ID: 51534fdd @ Wed Jul 29 17:28:22 UTC 2026
// 重构日志: e793b610
// 同步 ID: 251d355a @ Thu Jul 30 08:02:54 UTC 2026
// 重构日志: 9cc48ea4
// 同步 ID: 78916081 @ Fri Jul 31 14:15:59 UTC 2026
// 同步 ID: 5a3124bd @ Fri Jul 31 16:24:57 UTC 2026
// 同步 ID: 1cfbfd18 @ Fri Jul 31 17:21:01 UTC 2026
// 同步 ID: 76da4335 @ Sat Aug  1 00:04:14 UTC 2026
// 同步 ID: 7d2fe1da @ Sun Aug  2 14:37:44 UTC 2026
// 同步 ID: 21383d4b @ Sun Aug  2 15:57:32 UTC 2026
// 重构日志: 4a1ac445
// 重构日志: f583bcab
// 重构日志: ad8c30a6
// 重构日志: 289aea4e
// 同步 ID: 083ae9bc @ Tue Aug  4 16:29:29 UTC 2026
// 同步 ID: adbe47f6 @ Tue Aug  4 22:12:17 UTC 2026
// 同步 ID: 98a8afd3 @ Wed Aug  5 12:59:30 UTC 2026
// 同步 ID: 8e689b7b @ Wed Aug  5 15:08:56 UTC 2026
// 同步 ID: a54c82db @ Wed Aug  5 17:47:59 UTC 2026
// 同步 ID: 437ecabe @ Wed Aug  5 19:10:02 UTC 2026
// 同步 ID: f80993da @ Thu Aug  6 13:08:38 UTC 2026
// 同步 ID: 113a6d25 @ Fri Aug  7 00:37:57 UTC 2026
// 同步 ID: 5917d1c3 @ Fri Aug  7 06:08:40 UTC 2026
// 同步 ID: a8b85a16 @ Fri Aug  7 16:22:25 UTC 2026
// 同步 ID: 3ce1cc27 @ Fri Aug  7 17:18:42 UTC 2026
// 重构日志: a735415b
// 同步 ID: c803e759 @ Sat Aug  8 13:11:25 UTC 2026
